[22:23:32.391] electron: D:\dsh-project-desktop-development\resources\dsh-project-desktop\.cache\runtime\dsh-plugin-desktop\node_modules\electron\dist\electron.exe
[22:23:32.404] tray icon: D:\dsh-project-desktop-development\resources\dsh-project-desktop\assets\tray\tray-icon-blue.png
[22:23:32.408] process DPI aware: virtual screen = 3840x2160
[22:23:32.434] started electron pid=19088
[22:23:33.757] SNAP A-oracle-baseline                label=A menuBarVisible=False autoHide=True  focused=True  bounds=1100x760 content=1099x760 inner=1099x760 N/O/W/rel=0/0/0/0
[22:23:33.869] SET setAutoHideMenuBar(false) -> {"done":true,"isMenuBarVisible":false,"isMenuBarAutoHide":false}
[22:23:34.605] SNAP A-menubar-shown                  label=A menuBarVisible=False autoHide=False focused=True  bounds=1100x760 content=1099x760 inner=1099x760 N/O/W/rel=0/0/0/0
[22:23:35.604] CAPTURE 10-A-menubar-shown               image=3840x2160 k=2
[22:23:36.423] SNAP A-menubar-shown-left-Alt         label=A menuBarVisible=False autoHide=False focused=True  bounds=1100x760 content=1099x760 inner=1099x760 N/O/W/rel=0/0/0/0
[22:23:37.233] SNAP A-menubar-shown-F10              label=A menuBarVisible=False autoHide=False focused=True  bounds=1100x760 content=1099x760 inner=1099x760 N/O/W/rel=0/0/0/0
[22:23:37.342] SET setAutoHideMenuBar(true) -> {"done":true,"isMenuBarVisible":false,"isMenuBarAutoHide":true}
[22:23:37.944] SNAP A-back-to-autohide               label=A menuBarVisible=False autoHide=True  focused=True  bounds=1100x760 content=1099x760 inner=1099x760 N/O/W/rel=0/0/0/0
[22:23:38.658] SNAP A-setMenuBarVisibility-true      label=A menuBarVisible=False autoHide=True  focused=True  bounds=1100x760 content=1099x760 inner=1099x760 N/O/W/rel=0/0/0/0
[22:23:39.012] SNAP B-oracle-before                  label=B menuBarVisible=False autoHide=True  focused=True  bounds=900x520 content=887x485 inner=887x485 N/O/W/rel=0/0/0/0
[22:23:39.839] SNAP B-menubar-shown                  label=B menuBarVisible=False autoHide=False focused=True  bounds=900x520 content=887x485 inner=887x485 N/O/W/rel=0/0/0/0
[22:23:40.790] CAPTURE 11-B-menubar-shown               image=3840x2160 k=2
[22:23:41.006] TRAY create -> {"done":true,"bounds":{"x":1462,"y":1032,"width":32,"height":48},"destroyed":false}
[22:23:42.339] TRAY info -> {"bounds":{"x":1462,"y":1032,"width":32,"height":48}}
[22:23:43.431] CAPTURE 12-tray-with-probe-icon          image=3840x2160 k=2
[22:23:43.856] TRAY right-click at physical (2956,2112); tray bounds (DIP) = {"x":1462,"y":1032,"width":32,"height":48}
[22:23:44.715] TRAY popup check: FindWindow('#32768')=0 (class='<null>') foreground=0x100d6 (class='Shell_TrayWnd')
[22:23:44.863] TRAY screenshot while menu open -> 13-tray-context-menu-open.png
